[thesharthee.com/tf/mackien-preview/index.html]
[backblue.gif]
[fade.gif]
[index.html]
[thesharthee.com/tf/mackien-preview/assets/images/favicon.png]
[thesharthee.com/tf/mackien-preview/assets/css/bootstrap.min.css]
[thesharthee.com/tf/mackien-preview/assets/css/font-awesome.min.css]
[thesharthee.com/tf/mackien-preview/assets/css/owl.carousel.css]
[thesharthee.com/tf/mackien-preview/assets/css/magnific-popup.css]
[thesharthee.com/tf/mackien-preview/assets/css/slicknav.min.css]
[thesharthee.com/tf/mackien-preview/assets/css/typography.css]
[thesharthee.com/tf/mackien-preview/assets/css/default-css.css]
[thesharthee.com/tf/mackien-preview/assets/css/styles.css]
[thesharthee.com/tf/mackien-preview/assets/css/responsive.css]
[thesharthee.com/tf/mackien-preview/assets/js/vendor/modernizr-2.8.3.min.js]
[thesharthee.com/tf/mackien-preview/assets/images/icon/loader.gif]
[thesharthee.com/tf/mackien-preview/index-2.html]
[thesharthee.com/tf/mackien-preview/assets/images/icon/logo.png]
[thesharthee.com/tf/mackien-preview/assets/images/profile/my-image.jpg]
[thesharthee.com/tf/mackien-preview/assets/images/portfolio/img1.jpg]
[thesharthee.com/tf/mackien-preview/assets/images/portfolio/img2.jpg]
[thesharthee.com/tf/mackien-preview/assets/images/portfolio/img3.jpg]
[thesharthee.com/tf/mackien-preview/assets/images/portfolio/img5.jpg]
[thesharthee.com/tf/mackien-preview/assets/images/portfolio/img6.jpg]
[thesharthee.com/tf/mackien-preview/assets/images/portfolio/img8.jpg]
[thesharthee.com/tf/mackien-preview/assets/images/portfolio/img9.jpg]
[thesharthee.com/tf/mackien-preview/assets/images/portfolio/img10.jpg]
[thesharthee.com/tf/mackien-preview/assets/images/blog/blog-thumb1.jpg]
[thesharthee.com/tf/mackien-preview/assets/images/blog/blog-thumb2.jpg]
[thesharthee.com/tf/mackien-preview/assets/images/blog/blog-thumb3.jpg]
[thesharthee.com/tf/mackien-preview/assets/js/bootstrap.min.js]
[thesharthee.com/tf/mackien-preview/assets/js/owl.carousel.min.js]
[thesharthee.com/tf/mackien-preview/assets/js/vendor/jquery-2.2.4.min.js]
[thesharthee.com/tf/mackien-preview/assets/js/isotope.pkgd.min.js]
[thesharthee.com/tf/mackien-preview/assets/js/jquery.magnific-popup.min.js]
[thesharthee.com/tf/mackien-preview/assets/js/imagesloaded.pkgd.min.js]
[thesharthee.com/tf/mackien-preview/assets/js/jquery.slicknav.min.js]
[thesharthee.com/tf/mackien-preview/assets/js/counterup.min.js]
[thesharthee.com/tf/mackien-preview/assets/js/waypoints.js]
[thesharthee.com/tf/mackien-preview/assets/js/plugins.js]
[thesharthee.com/tf/mackien-preview/index.html]
[thesharthee.com/tf/mackien-preview/index-2.html]
[thesharthee.com/tf/mackien-preview/blog.html]
[thesharthee.com/tf/mackien-preview/assets/css/bootstrap.min.css]
[thesharthee.com/tf/mackien-preview/assets/js/scripts.js]
[thesharthee.com/tf/mackien-preview/assets/fonts/fontawesome-webfont5b62.eot]
[thesharthee.com/tf/mackien-preview/assets/fonts/fontawesome-webfontd41d.eot]
[thesharthee.com/tf/mackien-preview/assets/fonts/fontawesome-webfont5b62.woff2]
[thesharthee.com/tf/mackien-preview/assets/fonts/fontawesome-webfont5b62.woff]
[thesharthee.com/tf/mackien-preview/assets/fonts/fontawesome-webfont5b62.ttf]
[thesharthee.com/tf/mackien-preview/assets/css/font-awesome.min.css]
[thesharthee.com/tf/mackien-preview/assets/css/owl.carousel.css]
[thesharthee.com/tf/mackien-preview/assets/css/magnific-popup.css]
[thesharthee.com/tf/mackien-preview/assets/css/slicknav.min.css]
[thesharthee.com/tf/mackien-preview/assets/css/typography.css]
[thesharthee.com/tf/mackien-preview/assets/css/default-css.css]
[thesharthee.com/tf/mackien-preview/assets/images/bg/fact-bg.jpg]
[thesharthee.com/tf/mackien-preview/assets/css/styles.css]
[thesharthee.com/tf/mackien-preview/assets/css/responsive.css]
[thesharthee.com/tf/mackien-preview/index-2.html]
[thesharthee.com/tf/mackien-preview/blog.html]
[thesharthee.com/tf/mackien-preview/assets/images/portfolio/img7.jpg]
[thesharthee.com/tf/mackien-preview/assets/images/portfolio/img4.jpg]
[thesharthee.com/tf/mackien-preview/assets/css/owl.video.play.html]
[thesharthee.com/tf/mackien-preview/assets/fonts/fontawesome-webfont5b62.svg]
[thesharthee.com/tf/mackien-preview/assets/fonts/fontawesome-webfont5b62.svg]
